=== begin: ./externs.js
// Externs for kitch_sink/v1

/** @interface */
gapi.client.kitch_sink;


/** @interface */
gapi.client.kitch_sink.GapiClientKitchSinkGapiClientKitchSinkSeriesCountersCounters;


/** @type {?number} */
gapi.client.kitch_sink.GapiClientKitchSinkGapiClientKitchSinkSeriesCountersCounters.prototype.all_votes;

/** @interface */
gapi.client.kitch_sink.GapiClientKitchSinkGapiClientKitchSinkTopicRulesSubmissions;


/** @type {?number} */
gapi.client.kitch_sink.GapiClientKitchSinkGapiClientKitchSinkTopicRulesSubmissions.prototype.close;

/** @type {?number} */
gapi.client.kitch_sink.GapiClientKitchSinkGapiClientKitchSinkTopicRulesSubmissions.prototype.open;

/** @interface */
gapi.client.kitch_sink.GapiClientKitchSinkGapiClientKitchSinkTopicRulesVotes;


/** @type {?number} */
gapi.client.kitch_sink.GapiClientKitchSinkGapiClientKitchSinkTopicRulesVotes.prototype.close;

/** @type {?number} */
gapi.client.kitch_sink.GapiClientKitchSinkGapiClientKitchSinkTopicRulesVotes.prototype.open;

/** @interface */
gapi.client.kitch_sink.GapiClientKitchSinkModeratorTopicsResourcePartialId;


/** @type {?number} */
gapi.client.kitch_sink.GapiClientKitchSinkModeratorTopicsResourcePartialId.prototype.seriesId;

/** @type {?number} */
gapi.client.kitch_sink.GapiClientKitchSinkModeratorTopicsResourcePartialId.prototype.topicId;

/** @interface */
gapi.client.kitch_sink.GapiClientKitchSinkProfileAttribution;


/** @type {?string} */
gapi.client.kitch_sink.GapiClientKitchSinkProfileAttribution.prototype.avatarUrl;

/** @type {?string} */
gapi.client.kitch_sink.GapiClientKitchSinkProfileAttribution.prototype.displayName;

/** @type {?gapi.client.kitch_sink.LatLong} */
gapi.client.kitch_sink.GapiClientKitchSinkProfileAttribution.prototype.geo;

/** @type {?string} */
gapi.client.kitch_sink.GapiClientKitchSinkProfileAttribution.prototype.location;

/** @interface */
gapi.client.kitch_sink.GapiClientKitchSinkProfileId;


/** @type {?string} */
gapi.client.kitch_sink.GapiClientKitchSinkProfileId.prototype.user;

/** @interface */
gapi.client.kitch_sink.GapiClientKitchSinkRuleSubmissions;


/** @type {?number} */
gapi.client.kitch_sink.GapiClientKitchSinkRuleSubmissions.prototype.close;

/** @type {?number} */
gapi.client.kitch_sink.GapiClientKitchSinkRuleSubmissions.prototype.open;

/** @interface */
gapi.client.kitch_sink.GapiClientKitchSinkSeriesCounters;


/** @type {?number} */
gapi.client.kitch_sink.GapiClientKitchSinkSeriesCounters.prototype.anonymousSubmissions;

/** @type {?gapi.client.kitch_sink.GapiClientKitchSinkGapiClientKitchSinkSeriesCountersCounters} */
gapi.client.kitch_sink.GapiClientKitchSinkSeriesCounters.prototype.counters;

/** @type {?number} */
gapi.client.kitch_sink.GapiClientKitchSinkSeriesCounters.prototype.minus_votes;

/** @type {?number} */
gapi.client.kitch_sink.GapiClientKitchSinkSeriesCounters.prototype.none_votes;

/** @type {?number} */
gapi.client.kitch_sink.GapiClientKitchSinkSeriesCounters.prototype.plus_votes;

/** @type {?number} */
gapi.client.kitch_sink.GapiClientKitchSinkSeriesCounters.prototype.submissions;

/** @type {?number} */
gapi.client.kitch_sink.GapiClientKitchSinkSeriesCounters.prototype.users;

/** @type {?number} */
gapi.client.kitch_sink.GapiClientKitchSinkSeriesCounters.prototype.videoSubmissions;






/** @interface */
gapi.client.kitch_sink.GapiClientKitchSinkGapiClientKitchSinkSeriesCountersCounters;


/** @type {?number} */
gapi.client.kitch_sink.GapiClientKitchSinkGapiClientKitchSinkSeriesCountersCounters.prototype.all_votes;

/** @interface */
gapi.client.kitch_sink.GapiClientKitchSinkSeriesId;


/** @type {?number} */
gapi.client.kitch_sink.GapiClientKitchSinkSeriesId.prototype.seriesId;

/** @interface */
gapi.client.kitch_sink.GapiClientKitchSinkSubmissionAttribution;


/** @type {?string} */
gapi.client.kitch_sink.GapiClientKitchSinkSubmissionAttribution.prototype.$avatarUrl;

/** @type {?string} */
gapi.client.kitch_sink.GapiClientKitchSinkSubmissionAttribution.prototype.displayName;

/** @type {?string} */
gapi.client.kitch_sink.GapiClientKitchSinkSubmissionAttribution.prototype.location;

/** @interface */
gapi.client.kitch_sink.GapiClientKitchSinkSubmissionCounters;


/** @type {?number} */
gapi.client.kitch_sink.GapiClientKitchSinkSubmissionCounters.prototype.minus_votes;

/** @type {?number} */
gapi.client.kitch_sink.GapiClientKitchSinkSubmissionCounters.prototype.none_votes;

/** @type {?number} */
gapi.client.kitch_sink.GapiClientKitchSinkSubmissionCounters.prototype.plus_votes;

/** @interface */
gapi.client.kitch_sink.GapiClientKitchSinkSubmissionId;


/** @type {?number} */
gapi.client.kitch_sink.GapiClientKitchSinkSubmissionId.prototype.seriesId;

/** @type {?number} */
gapi.client.kitch_sink.GapiClientKitchSinkSubmissionId.prototype.submissionId;

/** @interface */
gapi.client.kitch_sink.GapiClientKitchSinkSubmissionParentSubmissionId;


/** @type {?number} */
gapi.client.kitch_sink.GapiClientKitchSinkSubmissionParentSubmissionId.prototype.seriesId;

/** @type {?number} */
gapi.client.kitch_sink.GapiClientKitchSinkSubmissionParentSubmissionId.prototype.submissionId;

/** @interface */
gapi.client.kitch_sink.GapiClientKitchSinkTagId;


/** @type {?number} */
gapi.client.kitch_sink.GapiClientKitchSinkTagId.prototype.seriesId;

/** @type {?number} */
gapi.client.kitch_sink.GapiClientKitchSinkTagId.prototype.submissionId;

/** @type {?string} */
gapi.client.kitch_sink.GapiClientKitchSinkTagId.prototype.tag;

/** @interface */
gapi.client.kitch_sink.GapiClientKitchSinkTopic2Counters;


/** @type {?number} */
gapi.client.kitch_sink.GapiClientKitchSinkTopic2Counters.prototype.minus_votes;

/** @type {?number} */
gapi.client.kitch_sink.GapiClientKitchSinkTopic2Counters.prototype.none_votes;

/** @type {?number} */
gapi.client.kitch_sink.GapiClientKitchSinkTopic2Counters.prototype.plus_votes;

/** @type {?number} */
gapi.client.kitch_sink.GapiClientKitchSinkTopic2Counters.prototype.submissions;

/** @type {?number} */
gapi.client.kitch_sink.GapiClientKitchSinkTopic2Counters.prototype.users;

/** @type {?number} */
gapi.client.kitch_sink.GapiClientKitchSinkTopic2Counters.prototype.videoSubmissions;

/** @interface */
gapi.client.kitch_sink.GapiClientKitchSinkTopic2Id;


/** @type {?number} */
gapi.client.kitch_sink.GapiClientKitchSinkTopic2Id.prototype.seriesId;

/** @type {?number} */
gapi.client.kitch_sink.GapiClientKitchSinkTopic2Id.prototype.topicId;

/** @interface */
gapi.client.kitch_sink.GapiClientKitchSinkTopicCounters;


/** @type {?number} */
gapi.client.kitch_sink.GapiClientKitchSinkTopicCounters.prototype.minus_votes;

/** @type {?number} */
gapi.client.kitch_sink.GapiClientKitchSinkTopicCounters.prototype.none_votes;

/** @type {?number} */
gapi.client.kitch_sink.GapiClientKitchSinkTopicCounters.prototype.plus_votes;

/** @type {?number} */
gapi.client.kitch_sink.GapiClientKitchSinkTopicCounters.prototype.submissions;

/** @type {?number} */
gapi.client.kitch_sink.GapiClientKitchSinkTopicCounters.prototype.users;

/** @type {?number} */
gapi.client.kitch_sink.GapiClientKitchSinkTopicCounters.prototype.videoSubmissions;

/** @interface */
gapi.client.kitch_sink.GapiClientKitchSinkTopicId;


/** @type {?number} */
gapi.client.kitch_sink.GapiClientKitchSinkTopicId.prototype.seriesId;

/** @type {?number} */
gapi.client.kitch_sink.GapiClientKitchSinkTopicId.prototype.topicId;

/** @interface */
gapi.client.kitch_sink.GapiClientKitchSinkTopicRules;


/** @type {?gapi.client.kitch_sink.GapiClientKitchSinkGapiClientKitchSinkTopicRulesSubmissions} */
gapi.client.kitch_sink.GapiClientKitchSinkTopicRules.prototype.submissions;

/** @type {?gapi.client.kitch_sink.GapiClientKitchSinkGapiClientKitchSinkTopicRulesVotes} */
gapi.client.kitch_sink.GapiClientKitchSinkTopicRules.prototype.votes;





/** @interface */
gapi.client.kitch_sink.GapiClientKitchSinkGapiClientKitchSinkTopicRulesSubmissions;


/** @type {?number} */
gapi.client.kitch_sink.GapiClientKitchSinkGapiClientKitchSinkTopicRulesSubmissions.prototype.close;

/** @type {?number} */
gapi.client.kitch_sink.GapiClientKitchSinkGapiClientKitchSinkTopicRulesSubmissions.prototype.open;

/** @interface */
gapi.client.kitch_sink.GapiClientKitchSinkGapiClientKitchSinkTopicRulesVotes;


/** @type {?number} */
gapi.client.kitch_sink.GapiClientKitchSinkGapiClientKitchSinkTopicRulesVotes.prototype.close;

/** @type {?number} */
gapi.client.kitch_sink.GapiClientKitchSinkGapiClientKitchSinkTopicRulesVotes.prototype.open;

/** @interface */
gapi.client.kitch_sink.GapiClientKitchSinkVoteId;


/** @type {?number} */
gapi.client.kitch_sink.GapiClientKitchSinkVoteId.prototype.seriesId;

/** @type {?number} */
gapi.client.kitch_sink.GapiClientKitchSinkVoteId.prototype.submissionId;

/** @interface */
gapi.client.kitch_sink.Geometry;


/** @type {?string} */
gapi.client.kitch_sink.Geometry.prototype.type;

/** @interface */
gapi.client.kitch_sink.GeometryCollection;


/** @type {?Array.<gapi.client.kitch_sink.Geometry>} */
gapi.client.kitch_sink.GeometryCollection.prototype.geometries;

/** @interface */
gapi.client.kitch_sink.GeometryPolygon;


/** @type {?string} */
gapi.client.kitch_sink.GeometryPolygon.prototype.coordinates;

/** @interface */
gapi.client.kitch_sink.GeometryReference;


/** @type {?string} */
gapi.client.kitch_sink.GeometryReference.prototype.coordinates;

/** @type {?string} */
gapi.client.kitch_sink.GeometryReference.prototype.type;

/** @interface */
gapi.client.kitch_sink.LatLong;


/** @type {?number} */
gapi.client.kitch_sink.LatLong.prototype.latitude;

/** @type {?string} */
gapi.client.kitch_sink.LatLong.prototype.location;

/** @type {?number} */
gapi.client.kitch_sink.LatLong.prototype.longitude;

/** @interface */
gapi.client.kitch_sink.ModeratorTopicsResourcePartial;


/** @type {?gapi.client.kitch_sink.GapiClientKitchSinkModeratorTopicsResourcePartialId} */
gapi.client.kitch_sink.ModeratorTopicsResourcePartial.prototype.id;





/** @interface */
gapi.client.kitch_sink.GapiClientKitchSinkModeratorTopicsResourcePartialId;


/** @type {?number} */
gapi.client.kitch_sink.GapiClientKitchSinkModeratorTopicsResourcePartialId.prototype.seriesId;

/** @type {?number} */
gapi.client.kitch_sink.GapiClientKitchSinkModeratorTopicsResourcePartialId.prototype.topicId;

/** @interface */
gapi.client.kitch_sink.Profile;


/** @type {?gapi.client.kitch_sink.GapiClientKitchSinkProfileAttribution} */
gapi.client.kitch_sink.Profile.prototype.attribution;

/** @type {?gapi.client.kitch_sink.GapiClientKitchSinkProfileId} */
gapi.client.kitch_sink.Profile.prototype.id;

/** @type {?string} */
gapi.client.kitch_sink.Profile.prototype.kind;





/** @interface */
gapi.client.kitch_sink.GapiClientKitchSinkProfileAttribution;


/** @type {?string} */
gapi.client.kitch_sink.GapiClientKitchSinkProfileAttribution.prototype.avatarUrl;

/** @type {?string} */
gapi.client.kitch_sink.GapiClientKitchSinkProfileAttribution.prototype.displayName;

/** @type {?gapi.client.kitch_sink.LatLong} */
gapi.client.kitch_sink.GapiClientKitchSinkProfileAttribution.prototype.geo;

/** @type {?string} */
gapi.client.kitch_sink.GapiClientKitchSinkProfileAttribution.prototype.location;

/** @interface */
gapi.client.kitch_sink.GapiClientKitchSinkProfileId;


/** @type {?string} */
gapi.client.kitch_sink.GapiClientKitchSinkProfileId.prototype.user;

/** @interface */
gapi.client.kitch_sink.Rule;


/** @type {?gapi.client.kitch_sink.GapiClientKitchSinkRuleSubmissions} */
gapi.client.kitch_sink.Rule.prototype.submissions;





/** @interface */
gapi.client.kitch_sink.GapiClientKitchSinkRuleSubmissions;


/** @type {?number} */
gapi.client.kitch_sink.GapiClientKitchSinkRuleSubmissions.prototype.close;

/** @type {?number} */
gapi.client.kitch_sink.GapiClientKitchSinkRuleSubmissions.prototype.open;

/** @interface */
gapi.client.kitch_sink.Series;


/** @type {?boolean} */
gapi.client.kitch_sink.Series.prototype.anonymousSubmissionAllowed;

/** @type {?gapi.client.kitch_sink.GapiClientKitchSinkSeriesCounters} */
gapi.client.kitch_sink.Series.prototype.counters;

/** @type {?string} */
gapi.client.kitch_sink.Series.prototype.description;

/** @type {?gapi.client.kitch_sink.GapiClientKitchSinkSeriesId} */
gapi.client.kitch_sink.Series.prototype.id;

/** @type {?string} */
gapi.client.kitch_sink.Series.prototype.kind;

/** @type {?string} */
gapi.client.kitch_sink.Series.prototype.name;

/** @type {?number} */
gapi.client.kitch_sink.Series.prototype.numTopics;

/** @type {?boolean} */
gapi.client.kitch_sink.Series.prototype.videoSubmissionAllowed;






/** @interface */
gapi.client.kitch_sink.GapiClientKitchSinkSeriesCounters;


/** @type {?number} */
gapi.client.kitch_sink.GapiClientKitchSinkSeriesCounters.prototype.anonymousSubmissions;

/** @type {?gapi.client.kitch_sink.GapiClientKitchSinkGapiClientKitchSinkSeriesCountersCounters} */
gapi.client.kitch_sink.GapiClientKitchSinkSeriesCounters.prototype.counters;

/** @type {?number} */
gapi.client.kitch_sink.GapiClientKitchSinkSeriesCounters.prototype.minus_votes;

/** @type {?number} */
gapi.client.kitch_sink.GapiClientKitchSinkSeriesCounters.prototype.none_votes;

/** @type {?number} */
gapi.client.kitch_sink.GapiClientKitchSinkSeriesCounters.prototype.plus_votes;

/** @type {?number} */
gapi.client.kitch_sink.GapiClientKitchSinkSeriesCounters.prototype.submissions;

/** @type {?number} */
gapi.client.kitch_sink.GapiClientKitchSinkSeriesCounters.prototype.users;

/** @type {?number} */
gapi.client.kitch_sink.GapiClientKitchSinkSeriesCounters.prototype.videoSubmissions;






/** @interface */
gapi.client.kitch_sink.GapiClientKitchSinkGapiClientKitchSinkSeriesCountersCounters;


/** @type {?number} */
gapi.client.kitch_sink.GapiClientKitchSinkGapiClientKitchSinkSeriesCountersCounters.prototype.all_votes;


/** @interface */
gapi.client.kitch_sink.GapiClientKitchSinkSeriesId;


/** @type {?number} */
gapi.client.kitch_sink.GapiClientKitchSinkSeriesId.prototype.seriesId;

/** @interface */
gapi.client.kitch_sink.SeriesList;


/** @type {?Array.<gapi.client.kitch_sink.Series>} */
gapi.client.kitch_sink.SeriesList.prototype.items;

/** @type {?string} */
gapi.client.kitch_sink.SeriesList.prototype.kind;

/** @interface */
gapi.client.kitch_sink.Submission;


/** @type {?string} */
gapi.client.kitch_sink.Submission.prototype.@attachmentUrl;

/** @type {?gapi.client.kitch_sink.GapiClientKitchSinkSubmissionAttribution} */
gapi.client.kitch_sink.Submission.prototype.attribution;

/** @type {?string} */
gapi.client.kitch_sink.Submission.prototype.author;

/** @type {?gapi.client.kitch_sink.GapiClientKitchSinkSubmissionCounters} */
gapi.client.kitch_sink.Submission.prototype.counters;

/** @type {?number} */
gapi.client.kitch_sink.Submission.prototype.created;

/** @type {?Array.<gapi.client.kitch_sink.LatLong>} */
gapi.client.kitch_sink.Submission.prototype.geo;

/** @type {?gapi.client.kitch_sink.GapiClientKitchSinkSubmissionId} */
gapi.client.kitch_sink.Submission.prototype.id;

/** @type {?string} */
gapi.client.kitch_sink.Submission.prototype.kind;

/** @type {?gapi.client.kitch_sink.GapiClientKitchSinkSubmissionParentSubmissionId} */
gapi.client.kitch_sink.Submission.prototype.parentSubmissionId;

/** @type {?string} */
gapi.client.kitch_sink.Submission.prototype.text;

/** @type {?Array.<gapi.client.kitch_sink.ModeratorTopicsResourcePartial>} */
gapi.client.kitch_sink.Submission.prototype.topics;

/** @type {?Object.<string, Translations>} */
gapi.client.kitch_sink.Submission.prototype.translations;






/** @interface */
gapi.client.kitch_sink.GapiClientKitchSinkSubmissionAttribution;


/** @type {?string} */
gapi.client.kitch_sink.GapiClientKitchSinkSubmissionAttribution.prototype.$avatarUrl;

/** @type {?string} */
gapi.client.kitch_sink.GapiClientKitchSinkSubmissionAttribution.prototype.displayName;

/** @type {?string} */
gapi.client.kitch_sink.GapiClientKitchSinkSubmissionAttribution.prototype.location;


/** @interface */
gapi.client.kitch_sink.GapiClientKitchSinkSubmissionCounters;


/** @type {?number} */
gapi.client.kitch_sink.GapiClientKitchSinkSubmissionCounters.prototype.minus_votes;

/** @type {?number} */
gapi.client.kitch_sink.GapiClientKitchSinkSubmissionCounters.prototype.none_votes;

/** @type {?number} */
gapi.client.kitch_sink.GapiClientKitchSinkSubmissionCounters.prototype.plus_votes;



/** @interface */
gapi.client.kitch_sink.GapiClientKitchSinkSubmissionId;


/** @type {?number} */
gapi.client.kitch_sink.GapiClientKitchSinkSubmissionId.prototype.seriesId;

/** @type {?number} */
gapi.client.kitch_sink.GapiClientKitchSinkSubmissionId.prototype.submissionId;


/** @interface */
gapi.client.kitch_sink.GapiClientKitchSinkSubmissionParentSubmissionId;


/** @type {?number} */
gapi.client.kitch_sink.GapiClientKitchSinkSubmissionParentSubmissionId.prototype.seriesId;

/** @type {?number} */
gapi.client.kitch_sink.GapiClientKitchSinkSubmissionParentSubmissionId.prototype.submissionId;

/** @interface */
gapi.client.kitch_sink.SubmissionList;


/** @type {?Array.<gapi.client.kitch_sink.Submission>} */
gapi.client.kitch_sink.SubmissionList.prototype.items;

/** @type {?string} */
gapi.client.kitch_sink.SubmissionList.prototype.kind;

/** @interface */
gapi.client.kitch_sink.Tag;


/** @type {?gapi.client.kitch_sink.Geometry} */
gapi.client.kitch_sink.Tag.prototype.geometry;

/** @type {?gapi.client.kitch_sink.GapiClientKitchSinkTagId} */
gapi.client.kitch_sink.Tag.prototype.id;

/** @type {?string} */
gapi.client.kitch_sink.Tag.prototype.kind;

/** @type {?string} */
gapi.client.kitch_sink.Tag.prototype.text;





/** @interface */
gapi.client.kitch_sink.GapiClientKitchSinkTagId;


/** @type {?number} */
gapi.client.kitch_sink.GapiClientKitchSinkTagId.prototype.seriesId;

/** @type {?number} */
gapi.client.kitch_sink.GapiClientKitchSinkTagId.prototype.submissionId;

/** @type {?string} */
gapi.client.kitch_sink.GapiClientKitchSinkTagId.prototype.tag;

/** @interface */
gapi.client.kitch_sink.Topic;


/** @type {?gapi.client.kitch_sink.GapiClientKitchSinkTopicCounters} */
gapi.client.kitch_sink.Topic.prototype.counters;

/** @type {?string} */
gapi.client.kitch_sink.Topic.prototype.description;

/** @type {?gapi.client.kitch_sink.GapiClientKitchSinkTopicId} */
gapi.client.kitch_sink.Topic.prototype.id;

/** @type {?string} */
gapi.client.kitch_sink.Topic.prototype.kind;

/** @type {?string} */
gapi.client.kitch_sink.Topic.prototype.name;

/** @type {?string} */
gapi.client.kitch_sink.Topic.prototype.presenter;

/** @type {?gapi.client.kitch_sink.GapiClientKitchSinkTopicRules} */
gapi.client.kitch_sink.Topic.prototype.rules;





/** @interface */
gapi.client.kitch_sink.GapiClientKitchSinkTopicCounters;


/** @type {?number} */
gapi.client.kitch_sink.GapiClientKitchSinkTopicCounters.prototype.minus_votes;

/** @type {?number} */
gapi.client.kitch_sink.GapiClientKitchSinkTopicCounters.prototype.none_votes;

/** @type {?number} */
gapi.client.kitch_sink.GapiClientKitchSinkTopicCounters.prototype.plus_votes;

/** @type {?number} */
gapi.client.kitch_sink.GapiClientKitchSinkTopicCounters.prototype.submissions;

/** @type {?number} */
gapi.client.kitch_sink.GapiClientKitchSinkTopicCounters.prototype.users;

/** @type {?number} */
gapi.client.kitch_sink.GapiClientKitchSinkTopicCounters.prototype.videoSubmissions;


/** @interface */
gapi.client.kitch_sink.GapiClientKitchSinkTopicId;


/** @type {?number} */
gapi.client.kitch_sink.GapiClientKitchSinkTopicId.prototype.seriesId;

/** @type {?number} */
gapi.client.kitch_sink.GapiClientKitchSinkTopicId.prototype.topicId;




/** @interface */
gapi.client.kitch_sink.GapiClientKitchSinkTopicRules;


/** @type {?gapi.client.kitch_sink.GapiClientKitchSinkGapiClientKitchSinkTopicRulesSubmissions} */
gapi.client.kitch_sink.GapiClientKitchSinkTopicRules.prototype.submissions;

/** @type {?gapi.client.kitch_sink.GapiClientKitchSinkGapiClientKitchSinkTopicRulesVotes} */
gapi.client.kitch_sink.GapiClientKitchSinkTopicRules.prototype.votes;





/** @interface */
gapi.client.kitch_sink.GapiClientKitchSinkGapiClientKitchSinkTopicRulesSubmissions;


/** @type {?number} */
gapi.client.kitch_sink.GapiClientKitchSinkGapiClientKitchSinkTopicRulesSubmissions.prototype.close;

/** @type {?number} */
gapi.client.kitch_sink.GapiClientKitchSinkGapiClientKitchSinkTopicRulesSubmissions.prototype.open;

/** @interface */
gapi.client.kitch_sink.GapiClientKitchSinkGapiClientKitchSinkTopicRulesVotes;


/** @type {?number} */
gapi.client.kitch_sink.GapiClientKitchSinkGapiClientKitchSinkTopicRulesVotes.prototype.close;

/** @type {?number} */
gapi.client.kitch_sink.GapiClientKitchSinkGapiClientKitchSinkTopicRulesVotes.prototype.open;

/** @interface */
gapi.client.kitch_sink.Topic2;


/** @type {?gapi.client.kitch_sink.GapiClientKitchSinkTopic2Counters} */
gapi.client.kitch_sink.Topic2.prototype.counters;

/** @type {?string} */
gapi.client.kitch_sink.Topic2.prototype.description;

/** @type {?gapi.client.kitch_sink.Submission} */
gapi.client.kitch_sink.Topic2.prototype.featuredSubmission;

/** @type {?gapi.client.kitch_sink.GapiClientKitchSinkTopic2Id} */
gapi.client.kitch_sink.Topic2.prototype.id;

/** @type {?string} */
gapi.client.kitch_sink.Topic2.prototype.kind;

/** @type {?string} */
gapi.client.kitch_sink.Topic2.prototype.name;

/** @type {?string} */
gapi.client.kitch_sink.Topic2.prototype.presenter;

/** @type {?Array.<gapi.client.kitch_sink.Rule>} */
gapi.client.kitch_sink.Topic2.prototype.rules;





/** @interface */
gapi.client.kitch_sink.GapiClientKitchSinkTopic2Counters;


/** @type {?number} */
gapi.client.kitch_sink.GapiClientKitchSinkTopic2Counters.prototype.minus_votes;

/** @type {?number} */
gapi.client.kitch_sink.GapiClientKitchSinkTopic2Counters.prototype.none_votes;

/** @type {?number} */
gapi.client.kitch_sink.GapiClientKitchSinkTopic2Counters.prototype.plus_votes;

/** @type {?number} */
gapi.client.kitch_sink.GapiClientKitchSinkTopic2Counters.prototype.submissions;

/** @type {?number} */
gapi.client.kitch_sink.GapiClientKitchSinkTopic2Counters.prototype.users;

/** @type {?number} */
gapi.client.kitch_sink.GapiClientKitchSinkTopic2Counters.prototype.videoSubmissions;


/** @interface */
gapi.client.kitch_sink.GapiClientKitchSinkTopic2Id;


/** @type {?number} */
gapi.client.kitch_sink.GapiClientKitchSinkTopic2Id.prototype.seriesId;

/** @type {?number} */
gapi.client.kitch_sink.GapiClientKitchSinkTopic2Id.prototype.topicId;

/** @interface */
gapi.client.kitch_sink.TopicList;


/** @type {?Array.<gapi.client.kitch_sink.Topic>} */
gapi.client.kitch_sink.TopicList.prototype.items;

/** @type {?string} */
gapi.client.kitch_sink.TopicList.prototype.kind;

/** @interface */
gapi.client.kitch_sink.Translation;


/** @type {?string} */
gapi.client.kitch_sink.Translation.prototype.lang;

/** @type {?string} */
gapi.client.kitch_sink.Translation.prototype.text;

/** @interface */
gapi.client.kitch_sink.Vote;


/** @type {?string} */
gapi.client.kitch_sink.Vote.prototype.flag;

/** @type {?gapi.client.kitch_sink.GapiClientKitchSinkVoteId} */
gapi.client.kitch_sink.Vote.prototype.id;

/** @type {?string} */
gapi.client.kitch_sink.Vote.prototype.kind;

/** @type {?string} */
gapi.client.kitch_sink.Vote.prototype.vote;






/** @interface */
gapi.client.kitch_sink.GapiClientKitchSinkVoteId;


/** @type {?number} */
gapi.client.kitch_sink.GapiClientKitchSinkVoteId.prototype.seriesId;

/** @type {?number} */
gapi.client.kitch_sink.GapiClientKitchSinkVoteId.prototype.submissionId;

/** @interface */
gapi.client.kitch_sink.VoteList;


/** @type {?Array.<gapi.client.kitch_sink.Vote>} */
gapi.client.kitch_sink.VoteList.prototype.items;

/** @type {?string} */
gapi.client.kitch_sink.VoteList.prototype.kind;

=== end: ./externs.js
