=== begin: ./EccoDomaniIeri.js


// Generated surface for the Schmecken Sie Gut.

gapi.client.helloworld.API_ = {
  'servicePath': 'helloworld/v1/',
  'parameters': {
  'alt': {
    'location': 'query',
    'required': false
  },
  'fields': {
    'location': 'query',
    'required': false
  },
  'key': {
    'location': 'query',
    'required': false
  },
  'oauth_token': {
    'location': 'query',
    'required': false
  },
  'prettyPrint': {
    'location': 'query',
    'required': false
  },
  'quotaUser': {
    'location': 'query',
    'required': false
  },
  'userIp': {
    'location': 'query',
    'required': false
  }
}
};

// Register each method

gapi.client.helloworld.greetings.authed = function(opt_params, opt_body) {
  gapi.client.makeRequest(
      {
        'path': 'hellogreeting/authed',
        'httpMethod': 'POST',
        'parameters':
                {
        },
        'parameterName': ''
      },
      gapi.client.helloworld.API_,
      opt_params, opt_body);
};
gapi.client.helloworld.greetings.getGreeting = function(opt_params, opt_body) {
  gapi.client.makeRequest(
      {
        'path': 'hellogreeting/{id}',
        'httpMethod': 'GET',
        'parameters':
                {
          'id': {
            'location': 'path',
            'required': true
          }
        },
        'parameterName': ''
      },
      gapi.client.helloworld.API_,
      opt_params, opt_body);
};
gapi.client.helloworld.greetings.listGreeting = function(opt_params, opt_body) {
  gapi.client.makeRequest(
      {
        'path': 'hellogreeting',
        'httpMethod': 'GET',
        'parameters':
                {
        },
        'parameterName': ''
      },
      gapi.client.helloworld.API_,
      opt_params, opt_body);
};
gapi.client.helloworld.greetings.multiply = function(opt_params, opt_body) {
  gapi.client.makeRequest(
      {
        'path': 'hellogreeting/{times}',
        'httpMethod': 'POST',
        'parameters':
                {
          'times': {
            'location': 'path',
            'required': true
          }
        },
        'parameterName': 'resource'
      },
      gapi.client.helloworld.API_,
      opt_params, opt_body);
};

=== end: ./EccoDomaniIeri.js
